// Jest Snapshot v1, https://goo.gl/fbAQLP

exports[`pruebas en el componente ViewImage Fotografia del componente ViewImage 1`] = `
<div
  className="card animate__animated animate__fadeIn"
>
  <img
    alt="Un título"
    src="https://localhost/algo.com"
  />
  <p>
     
    Un título
     
  </p>
</div>
`;
